// Jest Snapshot v1, https://goo.gl/fbAQLP

exports[`HomeContainer test HomeContainer should be rendered 1`] = `
<RCTScrollView
  style={
    Array [
      Object {
        "backgroundColor": "#121212",
        "flexBasis": 0,
        "flexGrow": 1,
        "flexShrink": 1,
      },
    ]
  }
>
  <View>
    <View
      style={
        Array [
          Object {
            "paddingBottom": 20,
            "paddingLeft": 0,
            "paddingRight": 20,
            "paddingTop": 20,
          },
        ]
      }
    >
      <View
        color="#fff"
        name="setting"
        onPress={[Function]}
        size={24}
        style={
          Object {
            "marginLeft": "auto",
          }
        }
      />
      <Text
        style={
          Array [
            Object {
              "color": "#fff",
              "fontFamily": "OpenSans_700Bold",
              "fontSize": 22,
              "paddingLeft": 20,
            },
          ]
        }
      >
        Boa noite!
      </Text>
    </View>
    <RCTScrollView
      data={
        Array [
          Object {
            "context": Object {
              "external_urls": Object {
                "spotify": "https://open.spotify.com/artist/278ZYwGhdK6QTzE3MFePnP",
              },
              "href": "https://api.spotify.com/v1/artists/278ZYwGhdK6QTzE3MFePnP",
              "type": "artist",
              "uri": "spotify:artist:278ZYwGhdK6QTzE3MFePnP",
            },
            "played_at": "2021-08-27T20:07:28.835Z",
            "track": Object {
              "album": Object {
                "album_type": "album",
                "artists": Array [
                  Object {
                    "external_urls": Object {
                      "spotify": "https://open.spotify.com/artist/278ZYwGhdK6QTzE3MFePnP",
                    },
                    "href": "https://api.spotify.com/v1/artists/278ZYwGhdK6QTzE3MFePnP",
                    "id": "278ZYwGhdK6QTzE3MFePnP",
                    "name": "Trivium",
                    "type": "artist",
                    "uri": "spotify:artist:278ZYwGhdK6QTzE3MFePnP",
                  },
                ],
                "available_markets": Array [
                  "AD",
                  "AE",
                  "AG",
                  "AL",
                  "AM",
                  "AO",
                  "AR",
                  "AT",
                  "AU",
                  "AZ",
                  "BA",
                  "BB",
                  "BD",
                  "BE",
                  "BF",
                  "BG",
                  "BH",
                  "BI",
                  "BJ",
                  "BN",
                  "BO",
                  "BR",
                  "BS",
                  "BT",
                  "BW",
                  "BY",
                  "BZ",
                  "CA",
                  "CH",
                  "CI",
                  "CL",
                  "CM",
                  "CO",
                  "CR",
                  "CV",
                  "CW",
                  "CY",
                  "CZ",
                  "DE",
                  "DJ",
                  "DK",
                  "DM",
                  "DO",
                  "DZ",
                  "EC",
                  "EE",
                  "EG",
                  "ES",
                  "FI",
                  "FJ",
                  "FM",
                  "FR",
                  "GA",
                  "GB",
                  "GD",
                  "GE",
                  "GH",
                  "GM",
                  "GN",
                  "GQ",
                  "GR",
                  "GT",
                  "GW",
                  "GY",
                  "HK",
                  "HN",
                  "HR",
                  "HT",
                  "HU",
                  "ID",
                  "IE",
                  "IL",
                  "IN",
                  "IS",
                  "IT",
                  "JM",
                  "JO",
                  "JP",
                  "KE",
                  "KG",
                  "KH",
                  "KI",
                  "KM",
                  "KN",
                  "KR",
                  "KW",
                  "KZ",
                  "LA",
                  "LB",
                  "LC",
                  "LI",
                  "LK",
                  "LR",
                  "LS",
                  "LT",
                  "LU",
                  "LV",
                  "MA",
                  "MC",
                  "MD",
                  "ME",
                  "MG",
                  "MH",
                  "MK",
                  "ML",
                  "MN",
                  "MO",
                  "MR",
                  "MT",
                  "MU",
                  "MV",
                  "MW",
                  "MX",
                  "MY",
                  "MZ",
                  "NA",
                  "NE",
                  "NG",
                  "NI",
                  "NL",
                  "NO",
                  "NP",
                  "NR",
                  "NZ",
                  "OM",
                  "PA",
                  "PE",
                  "PG",
                  "PH",
                  "PK",
                  "PL",
                  "PS",
                  "PT",
                  "PW",
                  "PY",
                  "QA",
                  "RO",
                  "RS",
                  "RU",
                  "RW",
                  "SA",
                  "SB",
                  "SC",
                  "SE",
                  "SG",
                  "SI",
                  "SK",
                  "SL",
                  "SM",
                  "SN",
                  "SR",
                  "ST",
                  "SV",
                  "SZ",
                  "TD",
                  "TG",
                  "TH",
                  "TL",
                  "TN",
                  "TO",
                  "TR",
                  "TT",
                  "TV",
                  "TW",
                  "TZ",
                  "UA",
                  "UG",
                  "US",
                  "UY",
                  "UZ",
                  "VC",
                  "VN",
                  "VU",
                  "WS",
                  "XK",
                  "ZA",
                  "ZM",
                  "ZW",
                ],
                "external_urls": Object {
                  "spotify": "https://open.spotify.com/album/0aXIJYbWk4u41iJmoJmp8y",
                },
                "href": "https://api.spotify.com/v1/albums/0aXIJYbWk4u41iJmoJmp8y",
                "id": "0aXIJYbWk4u41iJmoJmp8y",
                "images": Array [
                  Object {
                    "height": 640,
                    "url": "https://i.scdn.co/image/ab67616d0000b273f11a218563f0edfa7940fc94",
                    "width": 640,
                  },
                  Object {
                    "height": 300,
                    "url": "https://i.scdn.co/image/ab67616d00001e02f11a218563f0edfa7940fc94",
                    "width": 300,
                  },
                  Object {
                    "height": 64,
                    "url": "https://i.scdn.co/image/ab67616d00004851f11a218563f0edfa7940fc94",
                    "width": 64,
                  },
                ],
                "name": "What The Dead Men Say",
                "release_date": "2020-04-24",
                "release_date_precision": "day",
                "total_tracks": 10,
                "type": "album",
                "uri": "spotify:album:0aXIJYbWk4u41iJmoJmp8y",
              },
              "artists": Array [
                Object {
                  "external_urls": Object {
                    "spotify": "https://open.spotify.com/artist/278ZYwGhdK6QTzE3MFePnP",
                  },
                  "href": "https://api.spotify.com/v1/artists/278ZYwGhdK6QTzE3MFePnP",
                  "id": "278ZYwGhdK6QTzE3MFePnP",
                  "name": "Trivium",
                  "type": "artist",
                  "uri": "spotify:artist:278ZYwGhdK6QTzE3MFePnP",
                },
              ],
              "available_markets": Array [
                "AD",
                "AE",
                "AG",
                "AL",
                "AM",
                "AO",
                "AR",
                "AT",
                "AU",
                "AZ",
                "BA",
                "BB",
                "BD",
                "BE",
                "BF",
                "BG",
                "BH",
                "BI",
                "BJ",
                "BN",
                "BO",
                "BR",
                "BS",
                "BT",
                "BW",
                "BY",
                "BZ",
                "CA",
                "CH",
                "CI",
                "CL",
                "CM",
                "CO",
                "CR",
                "CV",
                "CW",
                "CY",
                "CZ",
                "DE",
                "DJ",
                "DK",
                "DM",
                "DO",
                "DZ",
                "EC",
                "EE",
                "EG",
                "ES",
                "FI",
                "FJ",
                "FM",
                "FR",
                "GA",
                "GB",
                "GD",
                "GE",
                "GH",
                "GM",
                "GN",
                "GQ",
                "GR",
                "GT",
                "GW",
                "GY",
                "HK",
                "HN",
                "HR",
                "HT",
                "HU",
                "ID",
                "IE",
                "IL",
                "IN",
                "IS",
                "IT",
                "JM",
                "JO",
                "JP",
                "KE",
                "KG",
                "KH",
                "KI",
                "KM",
                "KN",
                "KR",
                "KW",
                "KZ",
                "LA",
                "LB",
                "LC",
                "LI",
                "LK",
                "LR",
                "LS",
                "LT",
                "LU",
                "LV",
                "MA",
                "MC",
                "MD",
                "ME",
                "MG",
                "MH",
                "MK",
                "ML",
                "MN",
                "MO",
                "MR",
                "MT",
                "MU",
                "MV",
                "MW",
                "MX",
                "MY",
                "MZ",
                "NA",
                "NE",
                "NG",
                "NI",
                "NL",
                "NO",
                "NP",
                "NR",
                "NZ",
                "OM",
                "PA",
                "PE",
                "PG",
                "PH",
                "PK",
                "PL",
                "PS",
                "PT",
                "PW",
                "PY",
                "QA",
                "RO",
                "RS",
                "RU",
                "RW",
                "SA",
                "SB",
                "SC",
                "SE",
                "SG",
                "SI",
                "SK",
                "SL",
                "SM",
                "SN",
                "SR",
                "ST",
                "SV",
                "SZ",
                "TD",
                "TG",
                "TH",
                "TL",
                "TN",
                "TO",
                "TR",
                "TT",
                "TV",
                "TW",
                "TZ",
                "UA",
                "UG",
                "US",
                "UY",
                "UZ",
                "VC",
                "VN",
                "VU",
                "WS",
                "XK",
                "ZA",
                "ZM",
                "ZW",
              ],
              "disc_number": 1,
              "duration_ms": 285522,
              "explicit": false,
              "external_ids": Object {
                "isrc": "NLA322000002",
              },
              "external_urls": Object {
                "spotify": "https://open.spotify.com/track/4KugBNgb6iilXInnWQrMVh",
              },
              "href": "https://api.spotify.com/v1/tracks/4KugBNgb6iilXInnWQrMVh",
              "id": "4KugBNgb6iilXInnWQrMVh",
              "is_local": false,
              "name": "What The Dead Men Say",
              "popularity": 54,
              "preview_url": "https://p.scdn.co/mp3-preview/538902733c5dde52d78c292a8aaf23394927dc61?cid=f22d961f548f4442936ba5257dc37f88",
              "track_number": 2,
              "type": "track",
              "uri": "spotify:track:4KugBNgb6iilXInnWQrMVh",
            },
          },
          Object {
            "context": Object {
              "external_urls": Object {
                "spotify": "https://open.spotify.com/artist/278ZYwGhdK6QTzE3MFePnP",
              },
              "href": "https://api.spotify.com/v1/artists/278ZYwGhdK6QTzE3MFePnP",
              "type": "artist",
              "uri": "spotify:artist:278ZYwGhdK6QTzE3MFePnP",
            },
            "played_at": "2021-08-27T20:02:42.773Z",
            "track": Object {
              "album": Object {
                "album_type": "album",
                "artists": Array [
                  Object {
                    "external_urls": Object {
                      "spotify": "https://open.spotify.com/artist/278ZYwGhdK6QTzE3MFePnP",
                    },
                    "href": "https://api.spotify.com/v1/artists/278ZYwGhdK6QTzE3MFePnP",
                    "id": "278ZYwGhdK6QTzE3MFePnP",
                    "name": "Trivium",
                    "type": "artist",
                    "uri": "spotify:artist:278ZYwGhdK6QTzE3MFePnP",
                  },
                ],
                "available_markets": Array [
                  "AD",
                  "AE",
                  "AG",
                  "AL",
                  "AM",
                  "AO",
                  "AR",
                  "AT",
                  "AU",
                  "AZ",
                  "BA",
                  "BB",
                  "BD",
                  "BE",
                  "BF",
                  "BG",
                  "BH",
                  "BI",
                  "BJ",
                  "BN",
                  "BO",
                  "BR",
                  "BS",
                  "BT",
                  "BW",
                  "BY",
                  "BZ",
                  "CA",
                  "CH",
                  "CI",
                  "CL",
                  "CM",
                  "CO",
                  "CR",
                  "CV",
                  "CW",
                  "CY",
                  "CZ",
                  "DE",
                  "DJ",
                  "DK",
                  "DM",
                  "DO",
                  "DZ",
                  "EC",
                  "EE",
                  "EG",
                  "ES",
                  "FI",
                  "FJ",
                  "FM",
                  "FR",
                  "GA",
                  "GB",
                  "GD",
                  "GE",
                  "GH",
                  "GM",
                  "GN",
                  "GQ",
                  "GR",
                  "GT",
                  "GW",
                  "GY",
                  "HK",
                  "HN",
                  "HR",
                  "HT",
                  "HU",
                  "ID",
                  "IE",
                  "IL",
                  "IN",
                  "IS",
                  "IT",
                  "JM",
                  "JO",
                  "JP",
                  "KE",
                  "KG",
                  "KH",
                  "KI",
                  "KM",
                  "KN",
                  "KR",
                  "KW",
                  "KZ",
                  "LA",
                  "LB",
                  "LC",
                  "LI",
                  "LK",
                  "LR",
                  "LS",
                  "LT",
                  "LU",
                  "LV",
                  "MA",
                  "MC",
                  "MD",
                  "ME",
                  "MG",
                  "MH",
                  "MK",
                  "ML",
                  "MN",
                  "MO",
                  "MR",
                  "MT",
                  "MU",
                  "MV",
                  "MW",
                  "MX",
                  "MY",
                  "MZ",
                  "NA",
                  "NE",
                  "NG",
                  "NI",
                  "NL",
                  "NO",
                  "NP",
                  "NR",
                  "NZ",
                  "OM",
                  "PA",
                  "PE",
                  "PG",
                  "PH",
                  "PK",
                  "PL",
                  "PS",
                  "PT",
                  "PW",
                  "PY",
                  "QA",
                  "RO",
                  "RS",
                  "RU",
                  "RW",
                  "SA",
                  "SB",
                  "SC",
                  "SE",
                  "SG",
                  "SI",
                  "SK",
                  "SL",
                  "SM",
                  "SN",
                  "SR",
                  "ST",
                  "SV",
                  "SZ",
                  "TD",
                  "TG",
                  "TH",
                  "TL",
                  "TN",
                  "TO",
                  "TR",
                  "TT",
                  "TV",
                  "TW",
                  "TZ",
                  "UA",
                  "UG",
                  "US",
                  "UY",
                  "UZ",
                  "VC",
                  "VN",
                  "VU",
                  "WS",
                  "XK",
                  "ZA",
                  "ZM",
                  "ZW",
                ],
              },
            },
          },
        ]
      }
      disableVirtualization={false}
      getItem={[Function]}
      getItemCount={[Function]}
      horizontal={false}
      initialNumToRender={10}
      keyExtractor={[Function]}
      maxToRenderPerBatch={10}
      onContentSizeChange={[Function]}
      onEndReachedThreshold={2}
      onLayout={[Function]}
      onMomentumScrollEnd={[Function]}
      onScroll={[Function]}
      onScrollBeginDrag={[Function]}
      onScrollEndDrag={[Function]}
      removeClippedSubviews={false}
      renderItem={[Function]}
      scrollEventThrottle={50}
      stickyHeaderIndices={Array []}
      style={
        Array [
          Object {
            "marginBottom": 20,
            "paddingBottom": 0,
            "paddingLeft": 20,
            "paddingRight": 20,
            "paddingTop": 0,
          },
        ]
      }
      updateCellsBatchingPeriod={50}
      viewabilityConfigCallbackPairs={Array []}
      windowSize={21}
    >
      <View>
        <View
          onLayout={[Function]}
          style={null}
        >
          <View
            style={
              Array [
                Object {
                  "flexDirection": "row",
                },
                Object {
                  "justifyContent": "space-between",
                },
              ]
            }
          >
            <View
              accessible={true}
              focusable={true}
              onClick={[Function]}
              onResponderGrant={[Function]}
              onResponderMove={[Function]}
              onResponderRelease={[Function]}
              onResponderTerminate={[Function]}
              onResponderTerminationRequest={[Function]}
              onStartShouldSetResponder={[Function]}
              style={
                Object {
                  "alignItems": "center",
                  "backgroundColor": "#282828",
                  "borderRadius": 4,
                  "flexDirection": "row",
                  "marginBottom": 15,
                  "opacity": 1,
                  "width": "48%",
                }
              }
            >
              <Image
                source={
                  Object {
                    "uri": "https://i.scdn.co/image/ab67616d0000b273f11a218563f0edfa7940fc94",
                  }
                }
                style={
                  Array [
                    Object {
                      "borderBottomLeftRadius": 4,
                      "borderTopLeftRadius": 4,
                      "height": 50,
                      "width": 50,
                    },
                  ]
                }
              />
              <Text
                numberOfLines={1}
                style={
                  Array [
                    Object {
                      "color": "#fff",
                      "fontFamily": "OpenSans_700Bold",
                      "fontSize": 12,
                      "marginLeft": 10,
                      "width": 100,
                    },
                  ]
                }
              >
                What The Dead Men Say
              </Text>
            </View>
            <View
              accessible={true}
              focusable={true}
              onClick={[Function]}
              onResponderGrant={[Function]}
              onResponderMove={[Function]}
              onResponderRelease={[Function]}
              onResponderTerminate={[Function]}
              onResponderTerminationRequest={[Function]}
              onStartShouldSetResponder={[Function]}
              style={
                Object {
                  "alignItems": "center",
                  "backgroundColor": "#282828",
                  "borderRadius": 4,
                  "flexDirection": "row",
                  "marginBottom": 15,
                  "opacity": 1,
                  "width": "48%",
                }
              }
            >
              <Image
                source={
                  Object {
                    "uri": undefined,
                  }
                }
                style={
                  Array [
                    Object {
                      "borderBottomLeftRadius": 4,
                      "borderTopLeftRadius": 4,
                      "height": 50,
                      "width": 50,
                    },
                  ]
                }
              />
              <Text
                numberOfLines={1}
                style={
                  Array [
                    Object {
                      "color": "#fff",
                      "fontFamily": "OpenSans_700Bold",
                      "fontSize": 12,
                      "marginLeft": 10,
                      "width": 100,
                    },
                  ]
                }
              />
            </View>
          </View>
        </View>
      </View>
    </RCTScrollView>
    <Text
      style={
        Array [
          Object {
            "color": "#fff",
            "fontFamily": "OpenSans_700Bold",
            "fontSize": 22,
            "paddingLeft": 20,
          },
        ]
      }
    >
      Novos lançamentos
    </Text>
    <RCTScrollView
      contentContainerStyle={
        Object {
          "paddingRight": 20,
        }
      }
      data={
        Array [
          Object {
            "album_type": "single",
            "artists": Array [
              Object {
                "external_urls": Object {
                  "spotify": "https://open.spotify.com/artist/70kkdajctXSbqSMJbQO424",
                },
                "href": "https://api.spotify.com/v1/artists/70kkdajctXSbqSMJbQO424",
                "id": "70kkdajctXSbqSMJbQO424",
                "name": "Kacey Musgraves",
                "type": "artist",
                "uri": "spotify:artist:70kkdajctXSbqSMJbQO424",
              },
            ],
            "available_markets": Array [
              "AD",
              "AE",
              "AL",
              "AM",
              "AT",
              "AU",
              "AZ",
              "BA",
              "BD",
              "BE",
              "BG",
              "BH",
              "BI",
              "BN",
              "BT",
              "BW",
              "BY",
              "CH",
              "CY",
              "CZ",
              "DE",
              "DJ",
              "DK",
              "EE",
              "EG",
              "ES",
              "FI",
              "FJ",
              "FM",
              "FR",
              "GE",
              "GR",
              "HK",
              "HR",
              "HU",
              "ID",
              "IL",
              "IN",
              "IT",
              "JO",
              "JP",
              "KE",
              "KG",
              "KH",
              "KI",
              "KM",
              "KR",
              "KW",
              "KZ",
              "LA",
              "LB",
              "LI",
              "LK",
              "LS",
              "LT",
              "LU",
              "LV",
              "MC",
              "MD",
              "ME",
              "MG",
              "MH",
              "MK",
              "MN",
              "MO",
              "MT",
              "MU",
              "MV",
              "MW",
              "MY",
              "MZ",
              "NA",
              "NL",
              "NO",
              "NP",
              "NR",
              "NZ",
              "OM",
              "PG",
              "PH",
              "PK",
              "PL",
              "PS",
              "PW",
              "QA",
              "RO",
              "RS",
              "RU",
              "RW",
              "SA",
              "SB",
              "SC",
              "SE",
              "SG",
              "SI",
              "SK",
              "SM",
              "SZ",
              "TH",
              "TL",
              "TO",
              "TR",
              "TV",
              "TW",
              "TZ",
              "UA",
              "UG",
              "UZ",
              "VN",
              "VU",
              "WS",
              "XK",
              "ZA",
              "ZM",
              "ZW",
              "AO",
              "BJ",
              "CM",
              "DZ",
              "GA",
              "GB",
              "GQ",
              "IE",
              "MA",
              "NE",
              "NG",
              "PT",
              "TD",
              "TN",
              "BF",
              "CI",
              "GH",
              "GM",
              "GN",
              "GW",
              "IS",
              "LR",
              "ML",
              "MR",
              "SL",
              "SN",
              "ST",
              "TG",
              "CV",
              "AR",
              "BR",
              "SR",
              "UY",
              "AG",
              "BB",
              "BO",
              "BS",
              "CA",
              "CL",
              "CW",
              "DM",
              "DO",
              "GD",
              "GY",
              "HT",
              "KN",
              "LC",
              "PY",
              "TT",
              "US",
              "VC",
              "CO",
              "EC",
              "JM",
              "MX",
              "PA",
              "PE",
              "BZ",
              "CR",
              "GT",
              "HN",
              "NI",
              "SV",
            ],
            "external_urls": Object {
              "spotify": "https://open.spotify.com/album/4d4qaLHCcfXzMbGa33Kpqg",
            },
            "href": "https://api.spotify.com/v1/albums/4d4qaLHCcfXzMbGa33Kpqg",
            "id": "4d4qaLHCcfXzMbGa33Kpqg",
            "images": Array [
              Object {
                "height": 640,
                "url": "https://i.scdn.co/image/ab67616d0000b273a14ab07a55d5f690eff8531f",
                "width": 640,
              },
              Object {
                "height": 300,
                "url": "https://i.scdn.co/image/ab67616d00001e02a14ab07a55d5f690eff8531f",
                "width": 300,
              },
              Object {
                "height": 64,
                "url": "https://i.scdn.co/image/ab67616d00004851a14ab07a55d5f690eff8531f",
                "width": 64,
              },
            ],
            "name": "justified",
            "release_date": "2021-08-27",
            "release_date_precision": "day",
            "total_tracks": 1,
            "type": "album",
            "uri": "spotify:album:4d4qaLHCcfXzMbGa33Kpqg",
          },
          Object {
            "album_type": "single",
            "artists": Array [
              Object {
                "external_urls": Object {
                  "spotify": "https://open.spotify.com/artist/70kkdajctXSbqSMJbQO424",
                },
                "href": "https://api.spotify.com/v1/artists/70kkdajctXSbqSMJbQO424",
                "id": "70kkdajctXSbqSMJbQO424",
                "name": "Kacey Musgraves",
                "type": "artist",
                "uri": "spotify:artist:70kkdajctXSbqSMJbQO424",
              },
            ],
            "available_markets": Array [
              "AD",
              "AE",
              "AL",
              "AM",
              "AT",
              "AU",
              "AZ",
              "BA",
              "BD",
              "BE",
              "BG",
              "BH",
              "BI",
              "BN",
              "BT",
              "BW",
              "BY",
              "CH",
              "CY",
              "CZ",
              "DE",
              "DJ",
              "DK",
              "EE",
              "EG",
              "ES",
              "FI",
              "FJ",
              "FM",
              "FR",
              "GE",
              "GR",
              "HK",
              "HR",
              "HU",
              "ID",
              "IL",
              "IN",
              "IT",
              "JO",
              "JP",
              "KE",
              "KG",
              "KH",
              "KI",
              "KM",
              "KR",
              "KW",
              "KZ",
              "LA",
              "LB",
              "LI",
              "LK",
              "LS",
              "LT",
              "LU",
              "LV",
              "MC",
              "MD",
              "ME",
              "MG",
              "MH",
              "MK",
              "MN",
              "MO",
              "MT",
              "MU",
              "MV",
              "MW",
              "MY",
              "MZ",
              "NA",
              "NL",
              "NO",
              "NP",
              "NR",
              "NZ",
              "OM",
              "PG",
              "PH",
              "PK",
              "PL",
              "PS",
              "PW",
              "QA",
              "RO",
              "RS",
              "RU",
              "RW",
              "SA",
              "SB",
              "SC",
              "SE",
              "SG",
              "SI",
              "SK",
              "SM",
              "SZ",
              "TH",
              "TL",
              "TO",
              "TR",
              "TV",
              "TW",
              "TZ",
              "UA",
              "UG",
              "UZ",
              "VN",
              "VU",
              "WS",
              "XK",
              "ZA",
              "ZM",
              "ZW",
              "AO",
              "BJ",
              "CM",
              "DZ",
              "GA",
              "GB",
              "GQ",
              "IE",
              "MA",
              "NE",
              "NG",
              "PT",
              "TD",
              "TN",
              "BF",
              "CI",
              "GH",
              "GM",
              "GN",
              "GW",
              "IS",
              "LR",
              "ML",
              "MR",
              "SL",
              "SN",
              "ST",
              "TG",
              "CV",
              "AR",
              "BR",
              "SR",
              "UY",
              "AG",
              "BB",
              "BO",
              "BS",
              "CA",
              "CL",
              "CW",
              "DM",
              "DO",
              "GD",
              "GY",
              "HT",
              "KN",
              "LC",
              "PY",
              "TT",
              "US",
              "VC",
              "CO",
              "EC",
              "JM",
              "MX",
              "PA",
              "PE",
              "BZ",
              "CR",
              "GT",
              "HN",
              "NI",
              "SV",
            ],
            "external_urls": Object {
              "spotify": "https://open.spotify.com/album/4d4qaLHCcfXzMbGa33Kpqg",
            },
            "href": "https://api.spotify.com/v1/albums/4d4qaLHCcfXzMbGa33Kpqg",
            "id": "4d4qaLHCcfXzMbGa33Kpaqg",
            "images": Array [
              Object {
                "height": 640,
                "url": "https://i.scdn.co/image/ab67616d0000b273a14ab07a55d5f690eff8531f",
                "width": 640,
              },
              Object {
                "height": 300,
                "url": "https://i.scdn.co/image/ab67616d00001e02a14ab07a55d5f690eff8531f",
                "width": 300,
              },
              Object {
                "height": 64,
                "url": "https://i.scdn.co/image/ab67616d00004851a14ab07a55d5f690eff8531f",
                "width": 64,
              },
            ],
            "name": "justified",
            "release_date": "2021-08-27",
            "release_date_precision": "day",
            "total_tracks": 1,
            "type": "album",
            "uri": "spotify:album:4d4qaLHCcfXzMbGa33Kpqg",
          },
        ]
      }
      disableVirtualization={false}
      getItem={[Function]}
      getItemCount={[Function]}
      horizontal={true}
      initialNumToRender={10}
      keyExtractor={[Function]}
      maxToRenderPerBatch={10}
      onContentSizeChange={[Function]}
      onEndReachedThreshold={2}
      onLayout={[Function]}
      onMomentumScrollEnd={[Function]}
      onScroll={[Function]}
      onScrollBeginDrag={[Function]}
      onScrollEndDrag={[Function]}
      removeClippedSubviews={false}
      renderItem={[Function]}
      scrollEventThrottle={50}
      showsHorizontalScrollIndicator={false}
      stickyHeaderIndices={Array []}
      style={
        Array [
          Object {
            "marginTop": 20,
            "paddingLeft": 20,
          },
        ]
      }
      updateCellsBatchingPeriod={50}
      viewabilityConfigCallbackPairs={Array []}
      windowSize={21}
    >
      <View>
        <View
          onLayout={[Function]}
          style={
            Array [
              Object {
                "flexDirection": "row",
              },
              null,
            ]
          }
        >
          <View
            style={
              Array [
                Object {
                  "marginBottom": 25,
                  "marginRight": 20,
                },
              ]
            }
          >
            <Image
              source={
                Object {
                  "uri": "https://i.scdn.co/image/ab67616d0000b273a14ab07a55d5f690eff8531f",
                }
              }
              style={
                Array [
                  Object {
                    "borderRadius": 10,
                    "height": 150,
                    "width": 150,
                  },
                ]
              }
            />
            <Text
              numberOfLines={1}
              style={
                Array [
                  Object {
                    "color": "#fff",
                    "fontFamily": "OpenSans_700Bold",
                    "fontSize": 14,
                    "marginTop": 10,
                    "width": 150,
                  },
                ]
              }
            >
              justified
            </Text>
            <Text
              style={
                Array [
                  Object {
                    "color": "#fff",
                    "fontFamily": "OpenSans_400Regular",
                    "fontSize": 12,
                    "width": 150,
                  },
                ]
              }
            >
              Kacey Musgraves
            </Text>
          </View>
        </View>
        <View
          onLayout={[Function]}
          style={
            Array [
              Object {
                "flexDirection": "row",
              },
              null,
            ]
          }
        >
          <View
            style={
              Array [
                Object {
                  "marginBottom": 25,
                  "marginRight": 20,
                },
              ]
            }
          >
            <Image
              source={
                Object {
                  "uri": "https://i.scdn.co/image/ab67616d0000b273a14ab07a55d5f690eff8531f",
                }
              }
              style={
                Array [
                  Object {
                    "borderRadius": 10,
                    "height": 150,
                    "width": 150,
                  },
                ]
              }
            />
            <Text
              numberOfLines={1}
              style={
                Array [
                  Object {
                    "color": "#fff",
                    "fontFamily": "OpenSans_700Bold",
                    "fontSize": 14,
                    "marginTop": 10,
                    "width": 150,
                  },
                ]
              }
            >
              justified
            </Text>
            <Text
              style={
                Array [
                  Object {
                    "color": "#fff",
                    "fontFamily": "OpenSans_400Regular",
                    "fontSize": 12,
                    "width": 150,
                  },
                ]
              }
            >
              Kacey Musgraves
            </Text>
          </View>
        </View>
      </View>
    </RCTScrollView>
    <Text
      style={
        Array [
          Object {
            "color": "#fff",
            "fontFamily": "OpenSans_700Bold",
            "fontSize": 22,
            "paddingLeft": 20,
          },
        ]
      }
    >
      Seus artistas favoritos
    </Text>
    <RCTScrollView
      contentContainerStyle={
        Object {
          "paddingRight": 20,
        }
      }
      data={
        Array [
          Object {
            "external_urls": Object {
              "spotify": "https://open.spotify.com/artist/6O7MpKrY91vlCd4Osi6XKs",
            },
            "followers": Object {
              "total": 1563051,
            },
            "genres": Array [
              "alternative metal",
              "modern rock",
              "pop punk",
              "screamo",
            ],
            "href": "https://api.spotify.com/v1/artists/6O7MpKrY91vlCd4Osi6XKs",
            "id": "6O7MpKrY91vlCd4Osi6XKs",
            "images": Array [
              Object {
                "height": 640,
                "url": "https://i.scdn.co/image/ab6761610000e5eb56c59b51661237eb3e3b75f1",
                "width": 640,
              },
              Object {
                "height": 320,
                "url": "https://i.scdn.co/image/ab6761610000517456c59b51661237eb3e3b75f1",
                "width": 320,
              },
              Object {
                "height": 160,
                "url": "https://i.scdn.co/image/ab6761610000f17856c59b51661237eb3e3b75f1",
                "width": 160,
              },
            ],
            "name": "Black Veil Brides",
            "popularity": 67,
            "type": "artist",
            "uri": "spotify:artist:6O7MpKrY91vlCd4Osi6XKs",
          },
          Object {
            "external_urls": Object {
              "spotify": "https://open.spotify.com/artist/1Ffb6ejR6Fe5IamqA5oRUF",
            },
            "followers": Object {
              "total": 3934210,
            },
            "genres": Array [
              "melodic metalcore",
              "metalcore",
              "rock",
              "uk metalcore",
            ],
            "href": "https://api.spotify.com/v1/artists/1Ffb6ejR6Fe5IamqA5oRUF",
            "id": "1Ffb6ejR6Fe5IamqA5oRUF",
            "images": Array [
              Object {
                "height": 640,
                "url": "https://i.scdn.co/image/ab6761610000e5eb2321fdfa1ed8144ee0271eb6",
                "width": 640,
              },
              Object {
                "height": 320,
                "url": "https://i.scdn.co/image/ab676161000051742321fdfa1ed8144ee0271eb6",
                "width": 320,
              },
              Object {
                "height": 160,
                "url": "https://i.scdn.co/image/ab6761610000f1782321fdfa1ed8144ee0271eb6",
                "width": 160,
              },
            ],
            "name": "Bring Me The Horizon",
            "popularity": 80,
            "type": "artist",
            "uri": "spotify:artist:1Ffb6ejR6Fe5IamqA5oRUF",
          },
        ]
      }
      disableVirtualization={false}
      getItem={[Function]}
      getItemCount={[Function]}
      horizontal={true}
      initialNumToRender={10}
      keyExtractor={[Function]}
      maxToRenderPerBatch={10}
      onContentSizeChange={[Function]}
      onEndReachedThreshold={2}
      onLayout={[Function]}
      onMomentumScrollEnd={[Function]}
      onScroll={[Function]}
      onScrollBeginDrag={[Function]}
      onScrollEndDrag={[Function]}
      removeClippedSubviews={false}
      renderItem={[Function]}
      scrollEventThrottle={50}
      showsHorizontalScrollIndicator={false}
      stickyHeaderIndices={Array []}
      style={
        Array [
          Object {
            "marginTop": 20,
            "paddingLeft": 20,
          },
        ]
      }
      updateCellsBatchingPeriod={50}
      viewabilityConfigCallbackPairs={Array []}
      windowSize={21}
    >
      <View>
        <View
          onLayout={[Function]}
          style={
            Array [
              Object {
                "flexDirection": "row",
              },
              null,
            ]
          }
        >
          <View
            style={
              Array [
                Object {
                  "marginBottom": 25,
                  "marginRight": 20,
                },
              ]
            }
          >
            <Image
              source={
                Object {
                  "uri": "https://i.scdn.co/image/ab6761610000e5eb56c59b51661237eb3e3b75f1",
                }
              }
              style={
                Array [
                  Object {
                    "borderRadius": 75,
                    "height": 150,
                    "width": 150,
                  },
                ]
              }
            />
            <Text
              style={
                Array [
                  Object {
                    "color": "#fff",
                    "fontFamily": "OpenSans_700Bold",
                    "fontSize": 14,
                    "marginTop": 10,
                    "width": 150,
                  },
                  Object {
                    "textAlign": "center",
                  },
                ]
              }
            >
              Black Veil Brides
            </Text>
          </View>
        </View>
        <View
          onLayout={[Function]}
          style={
            Array [
              Object {
                "flexDirection": "row",
              },
              null,
            ]
          }
        >
          <View
            style={
              Array [
                Object {
                  "marginBottom": 25,
                  "marginRight": 20,
                },
              ]
            }
          >
            <Image
              source={
                Object {
                  "uri": "https://i.scdn.co/image/ab6761610000e5eb2321fdfa1ed8144ee0271eb6",
                }
              }
              style={
                Array [
                  Object {
                    "borderRadius": 75,
                    "height": 150,
                    "width": 150,
                  },
                ]
              }
            />
            <Text
              style={
                Array [
                  Object {
                    "color": "#fff",
                    "fontFamily": "OpenSans_700Bold",
                    "fontSize": 14,
                    "marginTop": 10,
                    "width": 150,
                  },
                  Object {
                    "textAlign": "center",
                  },
                ]
              }
            >
              Bring Me The Horizon
            </Text>
          </View>
        </View>
      </View>
    </RCTScrollView>
    <Text
      style={
        Array [
          Object {
            "color": "#fff",
            "fontFamily": "OpenSans_700Bold",
            "fontSize": 22,
            "paddingLeft": 20,
          },
        ]
      }
    >
      Playlists em alta no Brasil
    </Text>
    <RCTScrollView
      contentContainerStyle={
        Object {
          "paddingRight": 20,
        }
      }
      data={
        Array [
          Object {
            "collaborative": false,
            "description": "Os lançamentos dessa semana incluem João Gomes, Manu Gavassi, Dilsinho e mais!",
            "external_urls": Object {
              "spotify": "https://open.spotify.com/playlist/37i9dQZF1DX34KNiFQJNVm",
            },
            "href": "https://api.spotify.com/v1/playlists/37i9dQZF1DX34KNiFQJNVm",
            "id": "37i9dQZF1DX34KNiFQJNVm",
            "images": Array [
              Object {
                "url": "https://i.scdn.co/image/ab67706f000000039a334ecdc594a7cb75aebbf5",
              },
            ],
            "name": "Novidades da Semana",
            "owner": Object {
              "display_name": "Spotify",
              "external_urls": Object {
                "spotify": "https://open.spotify.com/user/spotify",
              },
              "href": "https://api.spotify.com/v1/users/spotify",
              "id": "spotify",
              "type": "user",
              "uri": "spotify:user:spotify",
            },
            "snapshot_id": "MTYzMDA3NDU3MywwMDAwMDUwMzAwMDAwMTdiODgwNDEzNTMwMDAwMDE3YjgzYjZiMWY4",
            "tracks": Object {
              "href": "https://api.spotify.com/v1/playlists/37i9dQZF1DX34KNiFQJNVm/tracks",
              "total": 75,
            },
            "type": "playlist",
            "uri": "spotify:playlist:37i9dQZF1DX34KNiFQJNVm",
          },
          Object {
            "collaborative": false,
            "description": "Disfruta de esta experiencia relajante. / Aproveite essa experiência única e relaxe.",
            "external_urls": Object {
              "spotify": "https://open.spotify.com/playlist/37i9dQZF1DWZeXxACCcUmL",
            },
            "href": "https://api.spotify.com/v1/playlists/37i9dQZF1DWZeXxACCcUmL",
            "id": "37i9dQZF1DWZeXxACCcUmL",
            "images": Array [
              Object {
                "url": "https://i.scdn.co/image/ab67706f00000003546468d2fdbe17cd7a5bb300",
              },
            ],
            "name": "Soul.House.Relax",
            "owner": Object {
              "display_name": "Spotify",
              "external_urls": Object {
                "spotify": "https://open.spotify.com/user/spotify",
              },
              "href": "https://api.spotify.com/v1/users/spotify",
              "id": "spotify",
              "type": "user",
              "uri": "spotify:user:spotify",
            },
            "snapshot_id": "MTYyNTA0OTkwNSwwMDAwMDA0MzAwMDAwMTdhNWM4NWI5ZjcwMDAwMDE2Y2Y2OGY4ZGFm",
            "tracks": Object {
              "href": "https://api.spotify.com/v1/playlists/37i9dQZF1DWZeXxACCcUmL/tracks",
              "total": 141,
            },
            "type": "playlist",
            "uri": "spotify:playlist:37i9dQZF1DWZeXxACCcUmL",
          },
        ]
      }
      disableVirtualization={false}
      getItem={[Function]}
      getItemCount={[Function]}
      horizontal={true}
      initialNumToRender={10}
      keyExtractor={[Function]}
      maxToRenderPerBatch={10}
      onContentSizeChange={[Function]}
      onEndReachedThreshold={2}
      onLayout={[Function]}
      onMomentumScrollEnd={[Function]}
      onScroll={[Function]}
      onScrollBeginDrag={[Function]}
      onScrollEndDrag={[Function]}
      removeClippedSubviews={false}
      renderItem={[Function]}
      scrollEventThrottle={50}
      showsHorizontalScrollIndicator={false}
      stickyHeaderIndices={Array []}
      style={
        Array [
          Object {
            "marginTop": 20,
            "paddingLeft": 20,
          },
        ]
      }
      updateCellsBatchingPeriod={50}
      viewabilityConfigCallbackPairs={Array []}
      windowSize={21}
    >
      <View>
        <View
          onLayout={[Function]}
          style={
            Array [
              Object {
                "flexDirection": "row",
              },
              null,
            ]
          }
        >
          <View
            style={
              Array [
                Object {
                  "marginBottom": 25,
                  "marginRight": 20,
                },
              ]
            }
          >
            <Image
              source={
                Object {
                  "uri": "https://i.scdn.co/image/ab67706f000000039a334ecdc594a7cb75aebbf5",
                }
              }
              style={
                Array [
                  Object {
                    "borderRadius": 10,
                    "height": 150,
                    "width": 150,
                  },
                ]
              }
            />
            <Text
              numberOfLines={1}
              style={
                Array [
                  Object {
                    "color": "#fff",
                    "fontFamily": "OpenSans_700Bold",
                    "fontSize": 14,
                    "marginTop": 10,
                    "width": 150,
                  },
                ]
              }
            >
              Novidades da Semana
            </Text>
          </View>
        </View>
        <View
          onLayout={[Function]}
          style={
            Array [
              Object {
                "flexDirection": "row",
              },
              null,
            ]
          }
        >
          <View
            style={
              Array [
                Object {
                  "marginBottom": 25,
                  "marginRight": 20,
                },
              ]
            }
          >
            <Image
              source={
                Object {
                  "uri": "https://i.scdn.co/image/ab67706f00000003546468d2fdbe17cd7a5bb300",
                }
              }
              style={
                Array [
                  Object {
                    "borderRadius": 10,
                    "height": 150,
                    "width": 150,
                  },
                ]
              }
            />
            <Text
              numberOfLines={1}
              style={
                Array [
                  Object {
                    "color": "#fff",
                    "fontFamily": "OpenSans_700Bold",
                    "fontSize": 14,
                    "marginTop": 10,
                    "width": 150,
                  },
                ]
              }
            >
              Soul.House.Relax
            </Text>
          </View>
        </View>
      </View>
    </RCTScrollView>
  </View>
</RCTScrollView>
`;
